Refreshing run status every 3 seconds. Press Ctrl+C to quit.

* version2 Speedio Release (Signed) · 29461754188
Triggered via push less than a minute ago

JOBS
* Build and Release Signed IPA (ID 87506516656)
  ✓ Set up job
  ✓ Checkout repository
  ✓ Select Xcode
  ✓ Install XcodeGen
  ✓ Generate Xcode project
  ✓ Download iOS platform for Xcode
  ✓ Set up signing keychain & install certificate
  ✓ Decode and install provisioning profile
  * Build Archive (Unsigned for SPM targets)
  * Export IPA and manually embed provisioning profile
  * Upload to TestFlight (App Store Connect)
  * Upload Artifacts
  * Post Checkout repository
Refreshing run status every 3 seconds. Press Ctrl+C to quit.

* version2 Speedio Release (Signed) · 29461754188
Triggered via push less than a minute ago

JOBS
* Build and Release Signed IPA (ID 87506516656)
  ✓ Set up job
  ✓ Checkout repository
  ✓ Select Xcode
  ✓ Install XcodeGen
  ✓ Generate Xcode project
  ✓ Download iOS platform for Xcode
  ✓ Set up signing keychain & install certificate
  ✓ Decode and install provisioning profile
  * Build Archive (Unsigned for SPM targets)
  * Export IPA and manually embed provisioning profile
  * Upload to TestFlight (App Store Connect)
  * Upload Artifacts
  * Post Checkout repository
Refreshing run status every 3 seconds. Press Ctrl+C to quit.

* version2 Speedio Release (Signed) · 29461754188
Triggered via push less than a minute ago

JOBS
* Build and Release Signed IPA (ID 87506516656)
  ✓ Set up job
  ✓ Checkout repository
  ✓ Select Xcode
  ✓ Install XcodeGen
  ✓ Generate Xcode project
  ✓ Download iOS platform for Xcode
  ✓ Set up signing keychain & install certificate
  ✓ Decode and install provisioning profile
  * Build Archive (Unsigned for SPM targets)
  * Export IPA and manually embed provisioning profile
  * Upload to TestFlight (App Store Connect)
  * Upload Artifacts
  * Post Checkout repository
Refreshing run status every 3 seconds. Press Ctrl+C to quit.

* version2 Speedio Release (Signed) · 29461754188
Triggered via push less than a minute ago

JOBS
* Build and Release Signed IPA (ID 87506516656)
  ✓ Set up job
  ✓ Checkout repository
  ✓ Select Xcode
  ✓ Install XcodeGen
  ✓ Generate Xcode project
  ✓ Download iOS platform for Xcode
  ✓ Set up signing keychain & install certificate
  ✓ Decode and install provisioning profile
  * Build Archive (Unsigned for SPM targets)
  * Export IPA and manually embed provisioning profile
  * Upload to TestFlight (App Store Connect)
  * Upload Artifacts
  * Post Checkout repository
Refreshing run status every 3 seconds. Press Ctrl+C to quit.

* version2 Speedio Release (Signed) · 29461754188
Triggered via push less than a minute ago

JOBS
* Build and Release Signed IPA (ID 87506516656)
  ✓ Set up job
  ✓ Checkout repository
  ✓ Select Xcode
  ✓ Install XcodeGen
  ✓ Generate Xcode project
  ✓ Download iOS platform for Xcode
  ✓ Set up signing keychain & install certificate
  ✓ Decode and install provisioning profile
  * Build Archive (Unsigned for SPM targets)
  * Export IPA and manually embed provisioning profile
  * Upload to TestFlight (App Store Connect)
  * Upload Artifacts
  * Post Checkout repository
Refreshing run status every 3 seconds. Press Ctrl+C to quit.

* version2 Speedio Release (Signed) · 29461754188
Triggered via push less than a minute ago

JOBS
* Build and Release Signed IPA (ID 87506516656)
  ✓ Set up job
  ✓ Checkout repository
  ✓ Select Xcode
  ✓ Install XcodeGen
  ✓ Generate Xcode project
  ✓ Download iOS platform for Xcode
  ✓ Set up signing keychain & install certificate
  ✓ Decode and install provisioning profile
  * Build Archive (Unsigned for SPM targets)
  * Export IPA and manually embed provisioning profile
  * Upload to TestFlight (App Store Connect)
  * Upload Artifacts
  * Post Checkout repository
Refreshing run status every 3 seconds. Press Ctrl+C to quit.

* version2 Speedio Release (Signed) · 29461754188
Triggered via push less than a minute ago

JOBS
* Build and Release Signed IPA (ID 87506516656)
  ✓ Set up job
  ✓ Checkout repository
  ✓ Select Xcode
  ✓ Install XcodeGen
  ✓ Generate Xcode project
  ✓ Download iOS platform for Xcode
  ✓ Set up signing keychain & install certificate
  ✓ Decode and install provisioning profile
  * Build Archive (Unsigned for SPM targets)
  * Export IPA and manually embed provisioning profile
  * Upload to TestFlight (App Store Connect)
  * Upload Artifacts
  * Post Checkout repository
Refreshing run status every 3 seconds. Press Ctrl+C to quit.

* version2 Speedio Release (Signed) · 29461754188
Triggered via push about 1 minute ago

JOBS
* Build and Release Signed IPA (ID 87506516656)
  ✓ Set up job
  ✓ Checkout repository
  ✓ Select Xcode
  ✓ Install XcodeGen
  ✓ Generate Xcode project
  ✓ Download iOS platform for Xcode
  ✓ Set up signing keychain & install certificate
  ✓ Decode and install provisioning profile
  * Build Archive (Unsigned for SPM targets)
  * Export IPA and manually embed provisioning profile
  * Upload to TestFlight (App Store Connect)
  * Upload Artifacts
  * Post Checkout repository
Refreshing run status every 3 seconds. Press Ctrl+C to quit.

* version2 Speedio Release (Signed) · 29461754188
Triggered via push about 1 minute ago

JOBS
* Build and Release Signed IPA (ID 87506516656)
  ✓ Set up job
  ✓ Checkout repository
  ✓ Select Xcode
  ✓ Install XcodeGen
  ✓ Generate Xcode project
  ✓ Download iOS platform for Xcode
  ✓ Set up signing keychain & install certificate
  ✓ Decode and install provisioning profile
  * Build Archive (Unsigned for SPM targets)
  * Export IPA and manually embed provisioning profile
  * Upload to TestFlight (App Store Connect)
  * Upload Artifacts
  * Post Checkout repository
Refreshing run status every 3 seconds. Press Ctrl+C to quit.

* version2 Speedio Release (Signed) · 29461754188
Triggered via push about 1 minute ago

JOBS
* Build and Release Signed IPA (ID 87506516656)
  ✓ Set up job
  ✓ Checkout repository
  ✓ Select Xcode
  ✓ Install XcodeGen
  ✓ Generate Xcode project
  ✓ Download iOS platform for Xcode
  ✓ Set up signing keychain & install certificate
  ✓ Decode and install provisioning profile
  * Build Archive (Unsigned for SPM targets)
  * Export IPA and manually embed provisioning profile
  * Upload to TestFlight (App Store Connect)
  * Upload Artifacts
  * Post Checkout repository
Refreshing run status every 3 seconds. Press Ctrl+C to quit.

* version2 Speedio Release (Signed) · 29461754188
Triggered via push about 1 minute ago

JOBS
* Build and Release Signed IPA (ID 87506516656)
  ✓ Set up job
  ✓ Checkout repository
  ✓ Select Xcode
  ✓ Install XcodeGen
  ✓ Generate Xcode project
  ✓ Download iOS platform for Xcode
  ✓ Set up signing keychain & install certificate
  ✓ Decode and install provisioning profile
  * Build Archive (Unsigned for SPM targets)
  * Export IPA and manually embed provisioning profile
  * Upload to TestFlight (App Store Connect)
  * Upload Artifacts
  * Post Checkout repository
Refreshing run status every 3 seconds. Press Ctrl+C to quit.

* version2 Speedio Release (Signed) · 29461754188
Triggered via push about 1 minute ago

JOBS
* Build and Release Signed IPA (ID 87506516656)
  ✓ Set up job
  ✓ Checkout repository
  ✓ Select Xcode
  ✓ Install XcodeGen
  ✓ Generate Xcode project
  ✓ Download iOS platform for Xcode
  ✓ Set up signing keychain & install certificate
  ✓ Decode and install provisioning profile
  * Build Archive (Unsigned for SPM targets)
  * Export IPA and manually embed provisioning profile
  * Upload to TestFlight (App Store Connect)
  * Upload Artifacts
  * Post Checkout repository
Refreshing run status every 3 seconds. Press Ctrl+C to quit.

* version2 Speedio Release (Signed) · 29461754188
Triggered via push about 1 minute ago

JOBS
* Build and Release Signed IPA (ID 87506516656)
  ✓ Set up job
  ✓ Checkout repository
  ✓ Select Xcode
  ✓ Install XcodeGen
  ✓ Generate Xcode project
  ✓ Download iOS platform for Xcode
  ✓ Set up signing keychain & install certificate
  ✓ Decode and install provisioning profile
  * Build Archive (Unsigned for SPM targets)
  * Export IPA and manually embed provisioning profile
  * Upload to TestFlight (App Store Connect)
  * Upload Artifacts
  * Post Checkout repository
Refreshing run status every 3 seconds. Press Ctrl+C to quit.

* version2 Speedio Release (Signed) · 29461754188
Triggered via push about 1 minute ago

JOBS
* Build and Release Signed IPA (ID 87506516656)
  ✓ Set up job
  ✓ Checkout repository
  ✓ Select Xcode
  ✓ Install XcodeGen
  ✓ Generate Xcode project
  ✓ Download iOS platform for Xcode
  ✓ Set up signing keychain & install certificate
  ✓ Decode and install provisioning profile
  * Build Archive (Unsigned for SPM targets)
  * Export IPA and manually embed provisioning profile
  * Upload to TestFlight (App Store Connect)
  * Upload Artifacts
  * Post Checkout repository
Refreshing run status every 3 seconds. Press Ctrl+C to quit.

* version2 Speedio Release (Signed) · 29461754188
Triggered via push about 1 minute ago

JOBS
* Build and Release Signed IPA (ID 87506516656)
  ✓ Set up job
  ✓ Checkout repository
  ✓ Select Xcode
  ✓ Install XcodeGen
  ✓ Generate Xcode project
  ✓ Download iOS platform for Xcode
  ✓ Set up signing keychain & install certificate
  ✓ Decode and install provisioning profile
  * Build Archive (Unsigned for SPM targets)
  * Export IPA and manually embed provisioning profile
  * Upload to TestFlight (App Store Connect)
  * Upload Artifacts
  * Post Checkout repository
Refreshing run status every 3 seconds. Press Ctrl+C to quit.

* version2 Speedio Release (Signed) · 29461754188
Triggered via push about 1 minute ago

JOBS
* Build and Release Signed IPA (ID 87506516656)
  ✓ Set up job
  ✓ Checkout repository
  ✓ Select Xcode
  ✓ Install XcodeGen
  ✓ Generate Xcode project
  ✓ Download iOS platform for Xcode
  ✓ Set up signing keychain & install certificate
  ✓ Decode and install provisioning profile
  * Build Archive (Unsigned for SPM targets)
  * Export IPA and manually embed provisioning profile
  * Upload to TestFlight (App Store Connect)
  * Upload Artifacts
  * Post Checkout repository
Refreshing run status every 3 seconds. Press Ctrl+C to quit.

* version2 Speedio Release (Signed) · 29461754188
Triggered via push about 1 minute ago

JOBS
* Build and Release Signed IPA (ID 87506516656)
  ✓ Set up job
  ✓ Checkout repository
  ✓ Select Xcode
  ✓ Install XcodeGen
  ✓ Generate Xcode project
  ✓ Download iOS platform for Xcode
  ✓ Set up signing keychain & install certificate
  ✓ Decode and install provisioning profile
  * Build Archive (Unsigned for SPM targets)
  * Export IPA and manually embed provisioning profile
  * Upload to TestFlight (App Store Connect)
  * Upload Artifacts
  * Post Checkout repository
Refreshing run status every 3 seconds. Press Ctrl+C to quit.

* version2 Speedio Release (Signed) · 29461754188
Triggered via push about 1 minute ago

JOBS
* Build and Release Signed IPA (ID 87506516656)
  ✓ Set up job
  ✓ Checkout repository
  ✓ Select Xcode
  ✓ Install XcodeGen
  ✓ Generate Xcode project
  ✓ Download iOS platform for Xcode
  ✓ Set up signing keychain & install certificate
  ✓ Decode and install provisioning profile
  * Build Archive (Unsigned for SPM targets)
  * Export IPA and manually embed provisioning profile
  * Upload to TestFlight (App Store Connect)
  * Upload Artifacts
  * Post Checkout repository
Refreshing run status every 3 seconds. Press Ctrl+C to quit.

* version2 Speedio Release (Signed) · 29461754188
Triggered via push about 1 minute ago

JOBS
* Build and Release Signed IPA (ID 87506516656)
  ✓ Set up job
  ✓ Checkout repository
  ✓ Select Xcode
  ✓ Install XcodeGen
  ✓ Generate Xcode project
  ✓ Download iOS platform for Xcode
  ✓ Set up signing keychain & install certificate
  ✓ Decode and install provisioning profile
  * Build Archive (Unsigned for SPM targets)
  * Export IPA and manually embed provisioning profile
  * Upload to TestFlight (App Store Connect)
  * Upload Artifacts
  * Post Checkout repository
Refreshing run status every 3 seconds. Press Ctrl+C to quit.

* version2 Speedio Release (Signed) · 29461754188
Triggered via push about 1 minute ago

JOBS
* Build and Release Signed IPA (ID 87506516656)
  ✓ Set up job
  ✓ Checkout repository
  ✓ Select Xcode
  ✓ Install XcodeGen
  ✓ Generate Xcode project
  ✓ Download iOS platform for Xcode
  ✓ Set up signing keychain & install certificate
  ✓ Decode and install provisioning profile
  * Build Archive (Unsigned for SPM targets)
  * Export IPA and manually embed provisioning profile
  * Upload to TestFlight (App Store Connect)
  * Upload Artifacts
  * Post Checkout repository
Refreshing run status every 3 seconds. Press Ctrl+C to quit.

* version2 Speedio Release (Signed) · 29461754188
Triggered via push about 1 minute ago

JOBS
* Build and Release Signed IPA (ID 87506516656)
  ✓ Set up job
  ✓ Checkout repository
  ✓ Select Xcode
  ✓ Install XcodeGen
  ✓ Generate Xcode project
  ✓ Download iOS platform for Xcode
  ✓ Set up signing keychain & install certificate
  ✓ Decode and install provisioning profile
  * Build Archive (Unsigned for SPM targets)
  * Export IPA and manually embed provisioning profile
  * Upload to TestFlight (App Store Connect)
  * Upload Artifacts
  * Post Checkout repository
Refreshing run status every 3 seconds. Press Ctrl+C to quit.

* version2 Speedio Release (Signed) · 29461754188
Triggered via push about 1 minute ago

JOBS
* Build and Release Signed IPA (ID 87506516656)
  ✓ Set up job
  ✓ Checkout repository
  ✓ Select Xcode
  ✓ Install XcodeGen
  ✓ Generate Xcode project
  ✓ Download iOS platform for Xcode
  ✓ Set up signing keychain & install certificate
  ✓ Decode and install provisioning profile
  * Build Archive (Unsigned for SPM targets)
  * Export IPA and manually embed provisioning profile
  * Upload to TestFlight (App Store Connect)
  * Upload Artifacts
  * Post Checkout repository
Refreshing run status every 3 seconds. Press Ctrl+C to quit.

* version2 Speedio Release (Signed) · 29461754188
Triggered via push about 1 minute ago

JOBS
* Build and Release Signed IPA (ID 87506516656)
  ✓ Set up job
  ✓ Checkout repository
  ✓ Select Xcode
  ✓ Install XcodeGen
  ✓ Generate Xcode project
  ✓ Download iOS platform for Xcode
  ✓ Set up signing keychain & install certificate
  ✓ Decode and install provisioning profile
  * Build Archive (Unsigned for SPM targets)
  * Export IPA and manually embed provisioning profile
  * Upload to TestFlight (App Store Connect)
  * Upload Artifacts
  * Post Checkout repository
Refreshing run status every 3 seconds. Press Ctrl+C to quit.

* version2 Speedio Release (Signed) · 29461754188
Triggered via push about 2 minutes ago

JOBS
* Build and Release Signed IPA (ID 87506516656)
  ✓ Set up job
  ✓ Checkout repository
  ✓ Select Xcode
  ✓ Install XcodeGen
  ✓ Generate Xcode project
  ✓ Download iOS platform for Xcode
  ✓ Set up signing keychain & install certificate
  ✓ Decode and install provisioning profile
  * Build Archive (Unsigned for SPM targets)
  * Export IPA and manually embed provisioning profile
  * Upload to TestFlight (App Store Connect)
  * Upload Artifacts
  * Post Checkout repository
Refreshing run status every 3 seconds. Press Ctrl+C to quit.

* version2 Speedio Release (Signed) · 29461754188
Triggered via push about 2 minutes ago

JOBS
* Build and Release Signed IPA (ID 87506516656)
  ✓ Set up job
  ✓ Checkout repository
  ✓ Select Xcode
  ✓ Install XcodeGen
  ✓ Generate Xcode project
  ✓ Download iOS platform for Xcode
  ✓ Set up signing keychain & install certificate
  ✓ Decode and install provisioning profile
  * Build Archive (Unsigned for SPM targets)
  * Export IPA and manually embed provisioning profile
  * Upload to TestFlight (App Store Connect)
  * Upload Artifacts
  * Post Checkout repository
Refreshing run status every 3 seconds. Press Ctrl+C to quit.

* version2 Speedio Release (Signed) · 29461754188
Triggered via push about 2 minutes ago

JOBS
* Build and Release Signed IPA (ID 87506516656)
  ✓ Set up job
  ✓ Checkout repository
  ✓ Select Xcode
  ✓ Install XcodeGen
  ✓ Generate Xcode project
  ✓ Download iOS platform for Xcode
  ✓ Set up signing keychain & install certificate
  ✓ Decode and install provisioning profile
  * Build Archive (Unsigned for SPM targets)
  * Export IPA and manually embed provisioning profile
  * Upload to TestFlight (App Store Connect)
  * Upload Artifacts
  * Post Checkout repository
Refreshing run status every 3 seconds. Press Ctrl+C to quit.

* version2 Speedio Release (Signed) · 29461754188
Triggered via push about 2 minutes ago

JOBS
* Build and Release Signed IPA (ID 87506516656)
  ✓ Set up job
  ✓ Checkout repository
  ✓ Select Xcode
  ✓ Install XcodeGen
  ✓ Generate Xcode project
  ✓ Download iOS platform for Xcode
  ✓ Set up signing keychain & install certificate
  ✓ Decode and install provisioning profile
  * Build Archive (Unsigned for SPM targets)
  * Export IPA and manually embed provisioning profile
  * Upload to TestFlight (App Store Connect)
  * Upload Artifacts
  * Post Checkout repository
Refreshing run status every 3 seconds. Press Ctrl+C to quit.

* version2 Speedio Release (Signed) · 29461754188
Triggered via push about 2 minutes ago

JOBS
* Build and Release Signed IPA (ID 87506516656)
  ✓ Set up job
  ✓ Checkout repository
  ✓ Select Xcode
  ✓ Install XcodeGen
  ✓ Generate Xcode project
  ✓ Download iOS platform for Xcode
  ✓ Set up signing keychain & install certificate
  ✓ Decode and install provisioning profile
  * Build Archive (Unsigned for SPM targets)
  * Export IPA and manually embed provisioning profile
  * Upload to TestFlight (App Store Connect)
  * Upload Artifacts
  * Post Checkout repository
Refreshing run status every 3 seconds. Press Ctrl+C to quit.

* version2 Speedio Release (Signed) · 29461754188
Triggered via push about 2 minutes ago

JOBS
* Build and Release Signed IPA (ID 87506516656)
  ✓ Set up job
  ✓ Checkout repository
  ✓ Select Xcode
  ✓ Install XcodeGen
  ✓ Generate Xcode project
  ✓ Download iOS platform for Xcode
  ✓ Set up signing keychain & install certificate
  ✓ Decode and install provisioning profile
  * Build Archive (Unsigned for SPM targets)
  * Export IPA and manually embed provisioning profile
  * Upload to TestFlight (App Store Connect)
  * Upload Artifacts
  * Post Checkout repository
Refreshing run status every 3 seconds. Press Ctrl+C to quit.

* version2 Speedio Release (Signed) · 29461754188
Triggered via push about 2 minutes ago

JOBS
* Build and Release Signed IPA (ID 87506516656)
  ✓ Set up job
  ✓ Checkout repository
  ✓ Select Xcode
  ✓ Install XcodeGen
  ✓ Generate Xcode project
  ✓ Download iOS platform for Xcode
  ✓ Set up signing keychain & install certificate
  ✓ Decode and install provisioning profile
  * Build Archive (Unsigned for SPM targets)
  * Export IPA and manually embed provisioning profile
  * Upload to TestFlight (App Store Connect)
  * Upload Artifacts
  * Post Checkout repository
Refreshing run status every 3 seconds. Press Ctrl+C to quit.

* version2 Speedio Release (Signed) · 29461754188
Triggered via push about 2 minutes ago

JOBS
* Build and Release Signed IPA (ID 87506516656)
  ✓ Set up job
  ✓ Checkout repository
  ✓ Select Xcode
  ✓ Install XcodeGen
  ✓ Generate Xcode project
  ✓ Download iOS platform for Xcode
  ✓ Set up signing keychain & install certificate
  ✓ Decode and install provisioning profile
  * Build Archive (Unsigned for SPM targets)
  * Export IPA and manually embed provisioning profile
  * Upload to TestFlight (App Store Connect)
  * Upload Artifacts
  * Post Checkout repository
Refreshing run status every 3 seconds. Press Ctrl+C to quit.

* version2 Speedio Release (Signed) · 29461754188
Triggered via push about 2 minutes ago

JOBS
* Build and Release Signed IPA (ID 87506516656)
  ✓ Set up job
  ✓ Checkout repository
  ✓ Select Xcode
  ✓ Install XcodeGen
  ✓ Generate Xcode project
  ✓ Download iOS platform for Xcode
  ✓ Set up signing keychain & install certificate
  ✓ Decode and install provisioning profile
  * Build Archive (Unsigned for SPM targets)
  * Export IPA and manually embed provisioning profile
  * Upload to TestFlight (App Store Connect)
  * Upload Artifacts
  * Post Checkout repository
Refreshing run status every 3 seconds. Press Ctrl+C to quit.

* version2 Speedio Release (Signed) · 29461754188
Triggered via push about 2 minutes ago

JOBS
* Build and Release Signed IPA (ID 87506516656)
  ✓ Set up job
  ✓ Checkout repository
  ✓ Select Xcode
  ✓ Install XcodeGen
  ✓ Generate Xcode project
  ✓ Download iOS platform for Xcode
  ✓ Set up signing keychain & install certificate
  ✓ Decode and install provisioning profile
  * Build Archive (Unsigned for SPM targets)
  * Export IPA and manually embed provisioning profile
  * Upload to TestFlight (App Store Connect)
  * Upload Artifacts
  * Post Checkout repository
Refreshing run status every 3 seconds. Press Ctrl+C to quit.

* version2 Speedio Release (Signed) · 29461754188
Triggered via push about 2 minutes ago

JOBS
* Build and Release Signed IPA (ID 87506516656)
  ✓ Set up job
  ✓ Checkout repository
  ✓ Select Xcode
  ✓ Install XcodeGen
  ✓ Generate Xcode project
  ✓ Download iOS platform for Xcode
  ✓ Set up signing keychain & install certificate
  ✓ Decode and install provisioning profile
  * Build Archive (Unsigned for SPM targets)
  * Export IPA and manually embed provisioning profile
  * Upload to TestFlight (App Store Connect)
  * Upload Artifacts
  * Post Checkout repository
Refreshing run status every 3 seconds. Press Ctrl+C to quit.

* version2 Speedio Release (Signed) · 29461754188
Triggered via push about 2 minutes ago

JOBS
* Build and Release Signed IPA (ID 87506516656)
  ✓ Set up job
  ✓ Checkout repository
  ✓ Select Xcode
  ✓ Install XcodeGen
  ✓ Generate Xcode project
  ✓ Download iOS platform for Xcode
  ✓ Set up signing keychain & install certificate
  ✓ Decode and install provisioning profile
  * Build Archive (Unsigned for SPM targets)
  * Export IPA and manually embed provisioning profile
  * Upload to TestFlight (App Store Connect)
  * Upload Artifacts
  * Post Checkout repository
Refreshing run status every 3 seconds. Press Ctrl+C to quit.

* version2 Speedio Release (Signed) · 29461754188
Triggered via push about 2 minutes ago

JOBS
* Build and Release Signed IPA (ID 87506516656)
  ✓ Set up job
  ✓ Checkout repository
  ✓ Select Xcode
  ✓ Install XcodeGen
  ✓ Generate Xcode project
  ✓ Download iOS platform for Xcode
  ✓ Set up signing keychain & install certificate
  ✓ Decode and install provisioning profile
  * Build Archive (Unsigned for SPM targets)
  * Export IPA and manually embed provisioning profile
  * Upload to TestFlight (App Store Connect)
  * Upload Artifacts
  * Post Checkout repository
Refreshing run status every 3 seconds. Press Ctrl+C to quit.

* version2 Speedio Release (Signed) · 29461754188
Triggered via push about 2 minutes ago

JOBS
* Build and Release Signed IPA (ID 87506516656)
  ✓ Set up job
  ✓ Checkout repository
  ✓ Select Xcode
  ✓ Install XcodeGen
  ✓ Generate Xcode project
  ✓ Download iOS platform for Xcode
  ✓ Set up signing keychain & install certificate
  ✓ Decode and install provisioning profile
  * Build Archive (Unsigned for SPM targets)
  * Export IPA and manually embed provisioning profile
  * Upload to TestFlight (App Store Connect)
  * Upload Artifacts
  * Post Checkout repository
Refreshing run status every 3 seconds. Press Ctrl+C to quit.

* version2 Speedio Release (Signed) · 29461754188
Triggered via push about 2 minutes ago

JOBS
* Build and Release Signed IPA (ID 87506516656)
  ✓ Set up job
  ✓ Checkout repository
  ✓ Select Xcode
  ✓ Install XcodeGen
  ✓ Generate Xcode project
  ✓ Download iOS platform for Xcode
  ✓ Set up signing keychain & install certificate
  ✓ Decode and install provisioning profile
  * Build Archive (Unsigned for SPM targets)
  * Export IPA and manually embed provisioning profile
  * Upload to TestFlight (App Store Connect)
  * Upload Artifacts
  * Post Checkout repository
Refreshing run status every 3 seconds. Press Ctrl+C to quit.

* version2 Speedio Release (Signed) · 29461754188
Triggered via push about 2 minutes ago

JOBS
* Build and Release Signed IPA (ID 87506516656)
  ✓ Set up job
  ✓ Checkout repository
  ✓ Select Xcode
  ✓ Install XcodeGen
  ✓ Generate Xcode project
  ✓ Download iOS platform for Xcode
  ✓ Set up signing keychain & install certificate
  ✓ Decode and install provisioning profile
  * Build Archive (Unsigned for SPM targets)
  * Export IPA and manually embed provisioning profile
  * Upload to TestFlight (App Store Connect)
  * Upload Artifacts
  * Post Checkout repository
Refreshing run status every 3 seconds. Press Ctrl+C to quit.

* version2 Speedio Release (Signed) · 29461754188
Triggered via push about 3 minutes ago

JOBS
* Build and Release Signed IPA (ID 87506516656)
  ✓ Set up job
  ✓ Checkout repository
  ✓ Select Xcode
  ✓ Install XcodeGen
  ✓ Generate Xcode project
  ✓ Download iOS platform for Xcode
  ✓ Set up signing keychain & install certificate
  ✓ Decode and install provisioning profile
  * Build Archive (Unsigned for SPM targets)
  * Export IPA and manually embed provisioning profile
  * Upload to TestFlight (App Store Connect)
  * Upload Artifacts
  * Post Checkout repository
Refreshing run status every 3 seconds. Press Ctrl+C to quit.

* version2 Speedio Release (Signed) · 29461754188
Triggered via push about 3 minutes ago

JOBS
* Build and Release Signed IPA (ID 87506516656)
  ✓ Set up job
  ✓ Checkout repository
  ✓ Select Xcode
  ✓ Install XcodeGen
  ✓ Generate Xcode project
  ✓ Download iOS platform for Xcode
  ✓ Set up signing keychain & install certificate
  ✓ Decode and install provisioning profile
  * Build Archive (Unsigned for SPM targets)
  * Export IPA and manually embed provisioning profile
  * Upload to TestFlight (App Store Connect)
  * Upload Artifacts
  * Post Checkout repository
Refreshing run status every 3 seconds. Press Ctrl+C to quit.

* version2 Speedio Release (Signed) · 29461754188
Triggered via push about 3 minutes ago

JOBS
* Build and Release Signed IPA (ID 87506516656)
  ✓ Set up job
  ✓ Checkout repository
  ✓ Select Xcode
  ✓ Install XcodeGen
  ✓ Generate Xcode project
  ✓ Download iOS platform for Xcode
  ✓ Set up signing keychain & install certificate
  ✓ Decode and install provisioning profile
  * Build Archive (Unsigned for SPM targets)
  * Export IPA and manually embed provisioning profile
  * Upload to TestFlight (App Store Connect)
  * Upload Artifacts
  * Post Checkout repository
Refreshing run status every 3 seconds. Press Ctrl+C to quit.

* version2 Speedio Release (Signed) · 29461754188
Triggered via push about 3 minutes ago

JOBS
* Build and Release Signed IPA (ID 87506516656)
  ✓ Set up job
  ✓ Checkout repository
  ✓ Select Xcode
  ✓ Install XcodeGen
  ✓ Generate Xcode project
  ✓ Download iOS platform for Xcode
  ✓ Set up signing keychain & install certificate
  ✓ Decode and install provisioning profile
  * Build Archive (Unsigned for SPM targets)
  * Export IPA and manually embed provisioning profile
  * Upload to TestFlight (App Store Connect)
  * Upload Artifacts
  * Post Checkout repository
Refreshing run status every 3 seconds. Press Ctrl+C to quit.

* version2 Speedio Release (Signed) · 29461754188
Triggered via push about 3 minutes ago

JOBS
* Build and Release Signed IPA (ID 87506516656)
  ✓ Set up job
  ✓ Checkout repository
  ✓ Select Xcode
  ✓ Install XcodeGen
  ✓ Generate Xcode project
  ✓ Download iOS platform for Xcode
  ✓ Set up signing keychain & install certificate
  ✓ Decode and install provisioning profile
  * Build Archive (Unsigned for SPM targets)
  * Export IPA and manually embed provisioning profile
  * Upload to TestFlight (App Store Connect)
  * Upload Artifacts
  * Post Checkout repository
Refreshing run status every 3 seconds. Press Ctrl+C to quit.

* version2 Speedio Release (Signed) · 29461754188
Triggered via push about 3 minutes ago

JOBS
* Build and Release Signed IPA (ID 87506516656)
  ✓ Set up job
  ✓ Checkout repository
  ✓ Select Xcode
  ✓ Install XcodeGen
  ✓ Generate Xcode project
  ✓ Download iOS platform for Xcode
  ✓ Set up signing keychain & install certificate
  ✓ Decode and install provisioning profile
  * Build Archive (Unsigned for SPM targets)
  * Export IPA and manually embed provisioning profile
  * Upload to TestFlight (App Store Connect)
  * Upload Artifacts
  * Post Checkout repository
Refreshing run status every 3 seconds. Press Ctrl+C to quit.

* version2 Speedio Release (Signed) · 29461754188
Triggered via push about 3 minutes ago

JOBS
* Build and Release Signed IPA (ID 87506516656)
  ✓ Set up job
  ✓ Checkout repository
  ✓ Select Xcode
  ✓ Install XcodeGen
  ✓ Generate Xcode project
  ✓ Download iOS platform for Xcode
  ✓ Set up signing keychain & install certificate
  ✓ Decode and install provisioning profile
  * Build Archive (Unsigned for SPM targets)
  * Export IPA and manually embed provisioning profile
  * Upload to TestFlight (App Store Connect)
  * Upload Artifacts
  * Post Checkout repository
Refreshing run status every 3 seconds. Press Ctrl+C to quit.

* version2 Speedio Release (Signed) · 29461754188
Triggered via push about 3 minutes ago

JOBS
* Build and Release Signed IPA (ID 87506516656)
  ✓ Set up job
  ✓ Checkout repository
  ✓ Select Xcode
  ✓ Install XcodeGen
  ✓ Generate Xcode project
  ✓ Download iOS platform for Xcode
  ✓ Set up signing keychain & install certificate
  ✓ Decode and install provisioning profile
  * Build Archive (Unsigned for SPM targets)
  * Export IPA and manually embed provisioning profile
  * Upload to TestFlight (App Store Connect)
  * Upload Artifacts
  * Post Checkout repository
Refreshing run status every 3 seconds. Press Ctrl+C to quit.

* version2 Speedio Release (Signed) · 29461754188
Triggered via push about 3 minutes ago

JOBS
* Build and Release Signed IPA (ID 87506516656)
  ✓ Set up job
  ✓ Checkout repository
  ✓ Select Xcode
  ✓ Install XcodeGen
  ✓ Generate Xcode project
  ✓ Download iOS platform for Xcode
  ✓ Set up signing keychain & install certificate
  ✓ Decode and install provisioning profile
  * Build Archive (Unsigned for SPM targets)
  * Export IPA and manually embed provisioning profile
  * Upload to TestFlight (App Store Connect)
  * Upload Artifacts
  * Post Checkout repository
Refreshing run status every 3 seconds. Press Ctrl+C to quit.

* version2 Speedio Release (Signed) · 29461754188
Triggered via push about 3 minutes ago

JOBS
* Build and Release Signed IPA (ID 87506516656)
  ✓ Set up job
  ✓ Checkout repository
  ✓ Select Xcode
  ✓ Install XcodeGen
  ✓ Generate Xcode project
  ✓ Download iOS platform for Xcode
  ✓ Set up signing keychain & install certificate
  ✓ Decode and install provisioning profile
  * Build Archive (Unsigned for SPM targets)
  * Export IPA and manually embed provisioning profile
  * Upload to TestFlight (App Store Connect)
  * Upload Artifacts
  * Post Checkout repository
Refreshing run status every 3 seconds. Press Ctrl+C to quit.

* version2 Speedio Release (Signed) · 29461754188
Triggered via push about 3 minutes ago

JOBS
* Build and Release Signed IPA (ID 87506516656)
  ✓ Set up job
  ✓ Checkout repository
  ✓ Select Xcode
  ✓ Install XcodeGen
  ✓ Generate Xcode project
  ✓ Download iOS platform for Xcode
  ✓ Set up signing keychain & install certificate
  ✓ Decode and install provisioning profile
  * Build Archive (Unsigned for SPM targets)
  * Export IPA and manually embed provisioning profile
  * Upload to TestFlight (App Store Connect)
  * Upload Artifacts
  * Post Checkout repository
Refreshing run status every 3 seconds. Press Ctrl+C to quit.

* version2 Speedio Release (Signed) · 29461754188
Triggered via push about 3 minutes ago

JOBS
* Build and Release Signed IPA (ID 87506516656)
  ✓ Set up job
  ✓ Checkout repository
  ✓ Select Xcode
  ✓ Install XcodeGen
  ✓ Generate Xcode project
  ✓ Download iOS platform for Xcode
  ✓ Set up signing keychain & install certificate
  ✓ Decode and install provisioning profile
  * Build Archive (Unsigned for SPM targets)
  * Export IPA and manually embed provisioning profile
  * Upload to TestFlight (App Store Connect)
  * Upload Artifacts
  * Post Checkout repository
Refreshing run status every 3 seconds. Press Ctrl+C to quit.

* version2 Speedio Release (Signed) · 29461754188
Triggered via push about 3 minutes ago

JOBS
* Build and Release Signed IPA (ID 87506516656)
  ✓ Set up job
  ✓ Checkout repository
  ✓ Select Xcode
  ✓ Install XcodeGen
  ✓ Generate Xcode project
  ✓ Download iOS platform for Xcode
  ✓ Set up signing keychain & install certificate
  ✓ Decode and install provisioning profile
  * Build Archive (Unsigned for SPM targets)
  * Export IPA and manually embed provisioning profile
  * Upload to TestFlight (App Store Connect)
  * Upload Artifacts
  * Post Checkout repository
Refreshing run status every 3 seconds. Press Ctrl+C to quit.

* version2 Speedio Release (Signed) · 29461754188
Triggered via push about 3 minutes ago

JOBS
* Build and Release Signed IPA (ID 87506516656)
  ✓ Set up job
  ✓ Checkout repository
  ✓ Select Xcode
  ✓ Install XcodeGen
  ✓ Generate Xcode project
  ✓ Download iOS platform for Xcode
  ✓ Set up signing keychain & install certificate
  ✓ Decode and install provisioning profile
  ✓ Build Archive (Unsigned for SPM targets)
  * Export IPA and manually embed provisioning profile
  * Upload to TestFlight (App Store Connect)
  * Upload Artifacts
  * Post Checkout repository
Refreshing run status every 3 seconds. Press Ctrl+C to quit.

* version2 Speedio Release (Signed) · 29461754188
Triggered via push about 3 minutes ago

JOBS
* Build and Release Signed IPA (ID 87506516656)
  ✓ Set up job
  ✓ Checkout repository
  ✓ Select Xcode
  ✓ Install XcodeGen
  ✓ Generate Xcode project
  ✓ Download iOS platform for Xcode
  ✓ Set up signing keychain & install certificate
  ✓ Decode and install provisioning profile
  ✓ Build Archive (Unsigned for SPM targets)
  * Export IPA and manually embed provisioning profile
  * Upload to TestFlight (App Store Connect)
  * Upload Artifacts
  * Post Checkout repository
Refreshing run status every 3 seconds. Press Ctrl+C to quit.

* version2 Speedio Release (Signed) · 29461754188
Triggered via push about 3 minutes ago

JOBS
* Build and Release Signed IPA (ID 87506516656)
  ✓ Set up job
  ✓ Checkout repository
  ✓ Select Xcode
  ✓ Install XcodeGen
  ✓ Generate Xcode project
  ✓ Download iOS platform for Xcode
  ✓ Set up signing keychain & install certificate
  ✓ Decode and install provisioning profile
  ✓ Build Archive (Unsigned for SPM targets)
  ✓ Export IPA and manually embed provisioning profile
  * Upload to TestFlight (App Store Connect)
  * Upload Artifacts
  * Post Checkout repository
Refreshing run status every 3 seconds. Press Ctrl+C to quit.

* version2 Speedio Release (Signed) · 29461754188
Triggered via push about 4 minutes ago

JOBS
* Build and Release Signed IPA (ID 87506516656)
  ✓ Set up job
  ✓ Checkout repository
  ✓ Select Xcode
  ✓ Install XcodeGen
  ✓ Generate Xcode project
  ✓ Download iOS platform for Xcode
  ✓ Set up signing keychain & install certificate
  ✓ Decode and install provisioning profile
  ✓ Build Archive (Unsigned for SPM targets)
  ✓ Export IPA and manually embed provisioning profile
  * Upload to TestFlight (App Store Connect)
  * Upload Artifacts
  * Post Checkout repository
Refreshing run status every 3 seconds. Press Ctrl+C to quit.

* version2 Speedio Release (Signed) · 29461754188
Triggered via push about 4 minutes ago

JOBS
* Build and Release Signed IPA (ID 87506516656)
  ✓ Set up job
  ✓ Checkout repository
  ✓ Select Xcode
  ✓ Install XcodeGen
  ✓ Generate Xcode project
  ✓ Download iOS platform for Xcode
  ✓ Set up signing keychain & install certificate
  ✓ Decode and install provisioning profile
  ✓ Build Archive (Unsigned for SPM targets)
  ✓ Export IPA and manually embed provisioning profile
  * Upload to TestFlight (App Store Connect)
  * Upload Artifacts
  * Post Checkout repository
Refreshing run status every 3 seconds. Press Ctrl+C to quit.

* version2 Speedio Release (Signed) · 29461754188
Triggered via push about 4 minutes ago

JOBS
* Build and Release Signed IPA (ID 87506516656)
  ✓ Set up job
  ✓ Checkout repository
  ✓ Select Xcode
  ✓ Install XcodeGen
  ✓ Generate Xcode project
  ✓ Download iOS platform for Xcode
  ✓ Set up signing keychain & install certificate
  ✓ Decode and install provisioning profile
  ✓ Build Archive (Unsigned for SPM targets)
  ✓ Export IPA and manually embed provisioning profile
  * Upload to TestFlight (App Store Connect)
  * Upload Artifacts
  * Post Checkout repository
Refreshing run status every 3 seconds. Press Ctrl+C to quit.

* version2 Speedio Release (Signed) · 29461754188
Triggered via push about 4 minutes ago

JOBS
* Build and Release Signed IPA (ID 87506516656)
  ✓ Set up job
  ✓ Checkout repository
  ✓ Select Xcode
  ✓ Install XcodeGen
  ✓ Generate Xcode project
  ✓ Download iOS platform for Xcode
  ✓ Set up signing keychain & install certificate
  ✓ Decode and install provisioning profile
  ✓ Build Archive (Unsigned for SPM targets)
  ✓ Export IPA and manually embed provisioning profile
  * Upload to TestFlight (App Store Connect)
  * Upload Artifacts
  * Post Checkout repository
Refreshing run status every 3 seconds. Press Ctrl+C to quit.

* version2 Speedio Release (Signed) · 29461754188
Triggered via push about 4 minutes ago

JOBS
* Build and Release Signed IPA (ID 87506516656)
  ✓ Set up job
  ✓ Checkout repository
  ✓ Select Xcode
  ✓ Install XcodeGen
  ✓ Generate Xcode project
  ✓ Download iOS platform for Xcode
  ✓ Set up signing keychain & install certificate
  ✓ Decode and install provisioning profile
  ✓ Build Archive (Unsigned for SPM targets)
  ✓ Export IPA and manually embed provisioning profile
  * Upload to TestFlight (App Store Connect)
  * Upload Artifacts
  * Post Checkout repository
Refreshing run status every 3 seconds. Press Ctrl+C to quit.

* version2 Speedio Release (Signed) · 29461754188
Triggered via push about 4 minutes ago

JOBS
* Build and Release Signed IPA (ID 87506516656)
  ✓ Set up job
  ✓ Checkout repository
  ✓ Select Xcode
  ✓ Install XcodeGen
  ✓ Generate Xcode project
  ✓ Download iOS platform for Xcode
  ✓ Set up signing keychain & install certificate
  ✓ Decode and install provisioning profile
  ✓ Build Archive (Unsigned for SPM targets)
  ✓ Export IPA and manually embed provisioning profile
  * Upload to TestFlight (App Store Connect)
  * Upload Artifacts
  * Post Checkout repository
Refreshing run status every 3 seconds. Press Ctrl+C to quit.

* version2 Speedio Release (Signed) · 29461754188
Triggered via push about 4 minutes ago

JOBS
* Build and Release Signed IPA (ID 87506516656)
  ✓ Set up job
  ✓ Checkout repository
  ✓ Select Xcode
  ✓ Install XcodeGen
  ✓ Generate Xcode project
  ✓ Download iOS platform for Xcode
  ✓ Set up signing keychain & install certificate
  ✓ Decode and install provisioning profile
  ✓ Build Archive (Unsigned for SPM targets)
  ✓ Export IPA and manually embed provisioning profile
  * Upload to TestFlight (App Store Connect)
  * Upload Artifacts
  * Post Checkout repository
Refreshing run status every 3 seconds. Press Ctrl+C to quit.

* version2 Speedio Release (Signed) · 29461754188
Triggered via push about 4 minutes ago

JOBS
* Build and Release Signed IPA (ID 87506516656)
  ✓ Set up job
  ✓ Checkout repository
  ✓ Select Xcode
  ✓ Install XcodeGen
  ✓ Generate Xcode project
  ✓ Download iOS platform for Xcode
  ✓ Set up signing keychain & install certificate
  ✓ Decode and install provisioning profile
  ✓ Build Archive (Unsigned for SPM targets)
  ✓ Export IPA and manually embed provisioning profile
  * Upload to TestFlight (App Store Connect)
  * Upload Artifacts
  * Post Checkout repository
Refreshing run status every 3 seconds. Press Ctrl+C to quit.

* version2 Speedio Release (Signed) · 29461754188
Triggered via push about 4 minutes ago

JOBS
* Build and Release Signed IPA (ID 87506516656)
  ✓ Set up job
  ✓ Checkout repository
  ✓ Select Xcode
  ✓ Install XcodeGen
  ✓ Generate Xcode project
  ✓ Download iOS platform for Xcode
  ✓ Set up signing keychain & install certificate
  ✓ Decode and install provisioning profile
  ✓ Build Archive (Unsigned for SPM targets)
  ✓ Export IPA and manually embed provisioning profile
  * Upload to TestFlight (App Store Connect)
  * Upload Artifacts
  * Post Checkout repository
Refreshing run status every 3 seconds. Press Ctrl+C to quit.

* version2 Speedio Release (Signed) · 29461754188
Triggered via push about 4 minutes ago

JOBS
* Build and Release Signed IPA (ID 87506516656)
  ✓ Set up job
  ✓ Checkout repository
  ✓ Select Xcode
  ✓ Install XcodeGen
  ✓ Generate Xcode project
  ✓ Download iOS platform for Xcode
  ✓ Set up signing keychain & install certificate
  ✓ Decode and install provisioning profile
  ✓ Build Archive (Unsigned for SPM targets)
  ✓ Export IPA and manually embed provisioning profile
  * Upload to TestFlight (App Store Connect)
  * Upload Artifacts
  * Post Checkout repository
Refreshing run status every 3 seconds. Press Ctrl+C to quit.

* version2 Speedio Release (Signed) · 29461754188
Triggered via push about 4 minutes ago

JOBS
* Build and Release Signed IPA (ID 87506516656)
  ✓ Set up job
  ✓ Checkout repository
  ✓ Select Xcode
  ✓ Install XcodeGen
  ✓ Generate Xcode project
  ✓ Download iOS platform for Xcode
  ✓ Set up signing keychain & install certificate
  ✓ Decode and install provisioning profile
  ✓ Build Archive (Unsigned for SPM targets)
  ✓ Export IPA and manually embed provisioning profile
  * Upload to TestFlight (App Store Connect)
  * Upload Artifacts
  * Post Checkout repository
Refreshing run status every 3 seconds. Press Ctrl+C to quit.

* version2 Speedio Release (Signed) · 29461754188
Triggered via push about 4 minutes ago

JOBS
* Build and Release Signed IPA (ID 87506516656)
  ✓ Set up job
  ✓ Checkout repository
  ✓ Select Xcode
  ✓ Install XcodeGen
  ✓ Generate Xcode project
  ✓ Download iOS platform for Xcode
  ✓ Set up signing keychain & install certificate
  ✓ Decode and install provisioning profile
  ✓ Build Archive (Unsigned for SPM targets)
  ✓ Export IPA and manually embed provisioning profile
  * Upload to TestFlight (App Store Connect)
  * Upload Artifacts
  * Post Checkout repository
Refreshing run status every 3 seconds. Press Ctrl+C to quit.

* version2 Speedio Release (Signed) · 29461754188
Triggered via push about 4 minutes ago

JOBS
* Build and Release Signed IPA (ID 87506516656)
  ✓ Set up job
  ✓ Checkout repository
  ✓ Select Xcode
  ✓ Install XcodeGen
  ✓ Generate Xcode project
  ✓ Download iOS platform for Xcode
  ✓ Set up signing keychain & install certificate
  ✓ Decode and install provisioning profile
  ✓ Build Archive (Unsigned for SPM targets)
  ✓ Export IPA and manually embed provisioning profile
  * Upload to TestFlight (App Store Connect)
  * Upload Artifacts
  * Post Checkout repository
Refreshing run status every 3 seconds. Press Ctrl+C to quit.

* version2 Speedio Release (Signed) · 29461754188
Triggered via push about 4 minutes ago

JOBS
* Build and Release Signed IPA (ID 87506516656)
  ✓ Set up job
  ✓ Checkout repository
  ✓ Select Xcode
  ✓ Install XcodeGen
  ✓ Generate Xcode project
  ✓ Download iOS platform for Xcode
  ✓ Set up signing keychain & install certificate
  ✓ Decode and install provisioning profile
  ✓ Build Archive (Unsigned for SPM targets)
  ✓ Export IPA and manually embed provisioning profile
  * Upload to TestFlight (App Store Connect)
  * Upload Artifacts
  * Post Checkout repository
Refreshing run status every 3 seconds. Press Ctrl+C to quit.

* version2 Speedio Release (Signed) · 29461754188
Triggered via push about 4 minutes ago

JOBS
* Build and Release Signed IPA (ID 87506516656)
  ✓ Set up job
  ✓ Checkout repository
  ✓ Select Xcode
  ✓ Install XcodeGen
  ✓ Generate Xcode project
  ✓ Download iOS platform for Xcode
  ✓ Set up signing keychain & install certificate
  ✓ Decode and install provisioning profile
  ✓ Build Archive (Unsigned for SPM targets)
  ✓ Export IPA and manually embed provisioning profile
  * Upload to TestFlight (App Store Connect)
  * Upload Artifacts
  * Post Checkout repository
Refreshing run status every 3 seconds. Press Ctrl+C to quit.

* version2 Speedio Release (Signed) · 29461754188
Triggered via push about 4 minutes ago

JOBS
* Build and Release Signed IPA (ID 87506516656)
  ✓ Set up job
  ✓ Checkout repository
  ✓ Select Xcode
  ✓ Install XcodeGen
  ✓ Generate Xcode project
  ✓ Download iOS platform for Xcode
  ✓ Set up signing keychain & install certificate
  ✓ Decode and install provisioning profile
  ✓ Build Archive (Unsigned for SPM targets)
  ✓ Export IPA and manually embed provisioning profile
  * Upload to TestFlight (App Store Connect)
  * Upload Artifacts
  * Post Checkout repository
Refreshing run status every 3 seconds. Press Ctrl+C to quit.

* version2 Speedio Release (Signed) · 29461754188
Triggered via push about 5 minutes ago

JOBS
* Build and Release Signed IPA (ID 87506516656)
  ✓ Set up job
  ✓ Checkout repository
  ✓ Select Xcode
  ✓ Install XcodeGen
  ✓ Generate Xcode project
  ✓ Download iOS platform for Xcode
  ✓ Set up signing keychain & install certificate
  ✓ Decode and install provisioning profile
  ✓ Build Archive (Unsigned for SPM targets)
  ✓ Export IPA and manually embed provisioning profile
  * Upload to TestFlight (App Store Connect)
  * Upload Artifacts
  * Post Checkout repository
Refreshing run status every 3 seconds. Press Ctrl+C to quit.

* version2 Speedio Release (Signed) · 29461754188
Triggered via push about 5 minutes ago

JOBS
* Build and Release Signed IPA (ID 87506516656)
  ✓ Set up job
  ✓ Checkout repository
  ✓ Select Xcode
  ✓ Install XcodeGen
  ✓ Generate Xcode project
  ✓ Download iOS platform for Xcode
  ✓ Set up signing keychain & install certificate
  ✓ Decode and install provisioning profile
  ✓ Build Archive (Unsigned for SPM targets)
  ✓ Export IPA and manually embed provisioning profile
  * Upload to TestFlight (App Store Connect)
  * Upload Artifacts
  * Post Checkout repository
Refreshing run status every 3 seconds. Press Ctrl+C to quit.

* version2 Speedio Release (Signed) · 29461754188
Triggered via push about 5 minutes ago

JOBS
* Build and Release Signed IPA (ID 87506516656)
  ✓ Set up job
  ✓ Checkout repository
  ✓ Select Xcode
  ✓ Install XcodeGen
  ✓ Generate Xcode project
  ✓ Download iOS platform for Xcode
  ✓ Set up signing keychain & install certificate
  ✓ Decode and install provisioning profile
  ✓ Build Archive (Unsigned for SPM targets)
  ✓ Export IPA and manually embed provisioning profile
  * Upload to TestFlight (App Store Connect)
  * Upload Artifacts
  * Post Checkout repository
Refreshing run status every 3 seconds. Press Ctrl+C to quit.

* version2 Speedio Release (Signed) · 29461754188
Triggered via push about 5 minutes ago

JOBS
* Build and Release Signed IPA (ID 87506516656)
  ✓ Set up job
  ✓ Checkout repository
  ✓ Select Xcode
  ✓ Install XcodeGen
  ✓ Generate Xcode project
  ✓ Download iOS platform for Xcode
  ✓ Set up signing keychain & install certificate
  ✓ Decode and install provisioning profile
  ✓ Build Archive (Unsigned for SPM targets)
  ✓ Export IPA and manually embed provisioning profile
  * Upload to TestFlight (App Store Connect)
  * Upload Artifacts
  * Post Checkout repository
Refreshing run status every 3 seconds. Press Ctrl+C to quit.

* version2 Speedio Release (Signed) · 29461754188
Triggered via push about 5 minutes ago

JOBS
* Build and Release Signed IPA (ID 87506516656)
  ✓ Set up job
  ✓ Checkout repository
  ✓ Select Xcode
  ✓ Install XcodeGen
  ✓ Generate Xcode project
  ✓ Download iOS platform for Xcode
  ✓ Set up signing keychain & install certificate
  ✓ Decode and install provisioning profile
  ✓ Build Archive (Unsigned for SPM targets)
  ✓ Export IPA and manually embed provisioning profile
  * Upload to TestFlight (App Store Connect)
  * Upload Artifacts
  * Post Checkout repository
Refreshing run status every 3 seconds. Press Ctrl+C to quit.

* version2 Speedio Release (Signed) · 29461754188
Triggered via push about 5 minutes ago

JOBS
* Build and Release Signed IPA (ID 87506516656)
  ✓ Set up job
  ✓ Checkout repository
  ✓ Select Xcode
  ✓ Install XcodeGen
  ✓ Generate Xcode project
  ✓ Download iOS platform for Xcode
  ✓ Set up signing keychain & install certificate
  ✓ Decode and install provisioning profile
  ✓ Build Archive (Unsigned for SPM targets)
  ✓ Export IPA and manually embed provisioning profile
  * Upload to TestFlight (App Store Connect)
  * Upload Artifacts
  * Post Checkout repository
Refreshing run status every 3 seconds. Press Ctrl+C to quit.

* version2 Speedio Release (Signed) · 29461754188
Triggered via push about 5 minutes ago

JOBS
* Build and Release Signed IPA (ID 87506516656)
  ✓ Set up job
  ✓ Checkout repository
  ✓ Select Xcode
  ✓ Install XcodeGen
  ✓ Generate Xcode project
  ✓ Download iOS platform for Xcode
  ✓ Set up signing keychain & install certificate
  ✓ Decode and install provisioning profile
  ✓ Build Archive (Unsigned for SPM targets)
  ✓ Export IPA and manually embed provisioning profile
  * Upload to TestFlight (App Store Connect)
  * Upload Artifacts
  * Post Checkout repository
Refreshing run status every 3 seconds. Press Ctrl+C to quit.

* version2 Speedio Release (Signed) · 29461754188
Triggered via push about 5 minutes ago

JOBS
* Build and Release Signed IPA (ID 87506516656)
  ✓ Set up job
  ✓ Checkout repository
  ✓ Select Xcode
  ✓ Install XcodeGen
  ✓ Generate Xcode project
  ✓ Download iOS platform for Xcode
  ✓ Set up signing keychain & install certificate
  ✓ Decode and install provisioning profile
  ✓ Build Archive (Unsigned for SPM targets)
  ✓ Export IPA and manually embed provisioning profile
  ✓ Upload to TestFlight (App Store Connect)
  * Upload Artifacts
  * Post Checkout repository
Refreshing run status every 3 seconds. Press Ctrl+C to quit.

* version2 Speedio Release (Signed) · 29461754188
Triggered via push about 5 minutes ago

JOBS
* Build and Release Signed IPA (ID 87506516656)
  ✓ Set up job
  ✓ Checkout repository
  ✓ Select Xcode
  ✓ Install XcodeGen
  ✓ Generate Xcode project
  ✓ Download iOS platform for Xcode
  ✓ Set up signing keychain & install certificate
  ✓ Decode and install provisioning profile
  ✓ Build Archive (Unsigned for SPM targets)
  ✓ Export IPA and manually embed provisioning profile
  ✓ Upload to TestFlight (App Store Connect)
  ✓ Upload Artifacts
  ✓ Post Checkout repository
  * Complete job
✓ version2 Speedio Release (Signed) · 29461754188
Triggered via push about 5 minutes ago

JOBS
✓ Build and Release Signed IPA in 5m30s (ID 87506516656)
  ✓ Set up job
  ✓ Checkout repository
  ✓ Select Xcode
  ✓ Install XcodeGen
  ✓ Generate Xcode project
  ✓ Download iOS platform for Xcode
  ✓ Set up signing keychain & install certificate
  ✓ Decode and install provisioning profile
  ✓ Build Archive (Unsigned for SPM targets)
  ✓ Export IPA and manually embed provisioning profile
  ✓ Upload to TestFlight (App Store Connect)
  ✓ Upload Artifacts
  ✓ Post Checkout repository
  ✓ Complete job

ANNOTATIONS
! Node.js 20 is deprecated. The following actions target Node.js 20 but are being forced to run on Node.js 24: actions/checkout@v4, actions/upload-artifact@v4. For more information see: https://github.blog/changelog/2025-09-19-deprecation-of-node-20-on-github-actions-runners/
Build and Release Signed IPA: .github#4

! The following taps are not trusted:
  aws/tap

Homebrew is currently ignoring formulae, casks and commands from these taps because tap trust is required.
Untap them with:
  brew untap aws/tap
Trust specific formulae, casks and commands with:
  brew trust --formula <user>/<tap>/<formula>
  brew trust --cask <user>/<tap>/<cask>
  brew trust --command <user>/<tap>/<command>
Whole-tap trust is broader and includes all current and future formulae,
casks and commands from the listed taps. Trust whole taps with:
  brew trust aws/tap
To disable trust checks:
  export HOMEBREW_NO_REQUIRE_TAP_TRUST=1
This is not recommended and will be removed in a later release.
For more information, see:
  https://docs.brew.sh/Tap-Trust

Build and Release Signed IPA: .github#5

