build-and-testflight	Set up job	﻿2026-07-14T22:55:00.2017150Z Current runner version: '2.335.1'
build-and-testflight	Set up job	2026-07-14T22:55:00.2034100Z ##[group]Runner Image Provisioner
build-and-testflight	Set up job	2026-07-14T22:55:00.2034610Z Hosted Compute Agent
build-and-testflight	Set up job	2026-07-14T22:55:00.2034970Z Version: 20260624.560
build-and-testflight	Set up job	2026-07-14T22:55:00.2035360Z Commit: 925d229a51159bc391ae97e54a2dd1fe20af789d
build-and-testflight	Set up job	2026-07-14T22:55:00.2035800Z Build Date: 2026-06-24T18:26:47Z
build-and-testflight	Set up job	2026-07-14T22:55:00.2036220Z Worker ID: {434c784f-df5b-40ad-b58a-b87c40b7a0d7}
build-and-testflight	Set up job	2026-07-14T22:55:00.2036660Z Azure Region: westus
build-and-testflight	Set up job	2026-07-14T22:55:00.2037000Z ##[endgroup]
build-and-testflight	Set up job	2026-07-14T22:55:00.2037810Z ##[group]Operating System
build-and-testflight	Set up job	2026-07-14T22:55:00.2038180Z macOS
build-and-testflight	Set up job	2026-07-14T22:55:00.2038480Z 26.4
build-and-testflight	Set up job	2026-07-14T22:55:00.2038780Z 25E246
build-and-testflight	Set up job	2026-07-14T22:55:00.2039090Z ##[endgroup]
build-and-testflight	Set up job	2026-07-14T22:55:00.2039420Z ##[group]Runner Image
build-and-testflight	Set up job	2026-07-14T22:55:00.2039790Z Image: macos-26-arm64
build-and-testflight	Set up job	2026-07-14T22:55:00.2040140Z Version: 20260630.0213.1
build-and-testflight	Set up job	2026-07-14T22:55:00.2040850Z Included Software: https://github.com/actions/runner-images/blob/macos-26-arm64/20260630.0213/images/macos/macos-26-arm64-Readme.md
build-and-testflight	Set up job	2026-07-14T22:55:00.2041910Z Image Release: https://github.com/actions/runner-images/releases/tag/macos-26-arm64%2F20260630.0213
build-and-testflight	Set up job	2026-07-14T22:55:00.2042520Z ##[endgroup]
build-and-testflight	Set up job	2026-07-14T22:55:00.2043260Z ##[group]GITHUB_TOKEN Permissions
build-and-testflight	Set up job	2026-07-14T22:55:00.2044210Z Contents: read
build-and-testflight	Set up job	2026-07-14T22:55:00.2044540Z Metadata: read
build-and-testflight	Set up job	2026-07-14T22:55:00.2044870Z Packages: read
build-and-testflight	Set up job	2026-07-14T22:55:00.2045200Z ##[endgroup]
build-and-testflight	Set up job	2026-07-14T22:55:00.2046460Z Secret source: Actions
build-and-testflight	Set up job	2026-07-14T22:55:00.2046880Z Prepare workflow directory
build-and-testflight	Set up job	2026-07-14T22:55:00.2265320Z Prepare all required actions
build-and-testflight	Set up job	2026-07-14T22:55:00.2294170Z Getting action download info
build-and-testflight	Set up job	2026-07-14T22:55:00.4751640Z Download action repository 'actions/checkout@v4' (SHA:34e114876b0b11c390a56381ad16ebd13914f8d5)
build-and-testflight	Set up job	2026-07-14T22:55:00.7903690Z Download action repository 'actions/upload-artifact@v4' (SHA:ea165f8d65b6e75b540449e92b4886f43607fa02)
build-and-testflight	Set up job	2026-07-14T22:55:01.0663760Z Complete job name: build-and-testflight
build-and-testflight	Checkout repository	﻿2026-07-14T22:55:01.1117150Z Node 20 is being deprecated. This workflow is running with Node 24 by default. If you need to temporarily use Node 20, you can set the ACTIONS_ALLOW_USE_UNSECURE_NODE_VERSION=true environment variable. For more information see: https://github.blog/changelog/2025-09-19-deprecation-of-node-20-on-github-actions-runners/
build-and-testflight	Checkout repository	2026-07-14T22:55:01.1123550Z ##[group]Run actions/checkout@v4
build-and-testflight	Checkout repository	2026-07-14T22:55:01.1124300Z with:
build-and-testflight	Checkout repository	2026-07-14T22:55:01.1124790Z   repository: Srihan-Yeleswarapu/SmartSpeedCompanion
build-and-testflight	Checkout repository	2026-07-14T22:55:01.1128690Z   token: ***
build-and-testflight	Checkout repository	2026-07-14T22:55:01.1129030Z   ssh-strict: true
build-and-testflight	Checkout repository	2026-07-14T22:55:01.1129370Z   ssh-user: git
build-and-testflight	Checkout repository	2026-07-14T22:55:01.1129720Z   persist-credentials: true
build-and-testflight	Checkout repository	2026-07-14T22:55:01.1130070Z   clean: true
build-and-testflight	Checkout repository	2026-07-14T22:55:01.1130410Z   sparse-checkout-cone-mode: true
build-and-testflight	Checkout repository	2026-07-14T22:55:01.1130800Z   fetch-depth: 1
build-and-testflight	Checkout repository	2026-07-14T22:55:01.1131120Z   fetch-tags: false
build-and-testflight	Checkout repository	2026-07-14T22:55:01.1131500Z   show-progress: true
build-and-testflight	Checkout repository	2026-07-14T22:55:01.1131930Z   lfs: false
build-and-testflight	Checkout repository	2026-07-14T22:55:01.1132250Z   submodules: false
build-and-testflight	Checkout repository	2026-07-14T22:55:01.1145350Z   set-safe-directory: true
build-and-testflight	Checkout repository	2026-07-14T22:55:01.1145970Z ##[endgroup]
build-and-testflight	Checkout repository	2026-07-14T22:55:01.4860700Z Syncing repository: Srihan-Yeleswarapu/SmartSpeedCompanion
build-and-testflight	Checkout repository	2026-07-14T22:55:01.4862110Z ##[group]Getting Git version info
build-and-testflight	Checkout repository	2026-07-14T22:55:01.4862730Z Working directory is '/Users/runner/work/SmartSpeedCompanion/SmartSpeedCompanion'
build-and-testflight	Checkout repository	2026-07-14T22:55:01.4863580Z [command]/opt/homebrew/bin/git version
build-and-testflight	Checkout repository	2026-07-14T22:55:01.5085090Z git version 2.55.0
build-and-testflight	Checkout repository	2026-07-14T22:55:01.5098510Z ##[endgroup]
build-and-testflight	Checkout repository	2026-07-14T22:55:01.5106920Z Copying '/Users/runner/.gitconfig' to '/Users/runner/work/_temp/316568df-b87e-4dbd-bb0f-854139bb9624/.gitconfig'
build-and-testflight	Checkout repository	2026-07-14T22:55:01.5112760Z Temporarily overriding HOME='/Users/runner/work/_temp/316568df-b87e-4dbd-bb0f-854139bb9624' before making global git config changes
build-and-testflight	Checkout repository	2026-07-14T22:55:01.5113870Z Adding repository directory to the temporary git global config as a safe directory
build-and-testflight	Checkout repository	2026-07-14T22:55:01.5116660Z [command]/opt/homebrew/bin/git config --global --add safe.directory /Users/runner/work/SmartSpeedCompanion/SmartSpeedCompanion
build-and-testflight	Checkout repository	2026-07-14T22:55:01.5217800Z Deleting the contents of '/Users/runner/work/SmartSpeedCompanion/SmartSpeedCompanion'
build-and-testflight	Checkout repository	2026-07-14T22:55:01.5220800Z ##[group]Initializing the repository
build-and-testflight	Checkout repository	2026-07-14T22:55:01.5224190Z [command]/opt/homebrew/bin/git init /Users/runner/work/SmartSpeedCompanion/SmartSpeedCompanion
build-and-testflight	Checkout repository	2026-07-14T22:55:01.5405650Z hint: Using 'master' as the name for the initial branch. This default branch name
build-and-testflight	Checkout repository	2026-07-14T22:55:01.5406610Z hint: will change to "main" in Git 3.0. To configure the initial branch name
build-and-testflight	Checkout repository	2026-07-14T22:55:01.5407700Z hint: to use in all of your new repositories, which will suppress this warning,
build-and-testflight	Checkout repository	2026-07-14T22:55:01.5408280Z hint: call:
build-and-testflight	Checkout repository	2026-07-14T22:55:01.5408680Z hint:
build-and-testflight	Checkout repository	2026-07-14T22:55:01.5409080Z hint: 	git config --global init.defaultBranch <name>
build-and-testflight	Checkout repository	2026-07-14T22:55:01.5409600Z hint:
build-and-testflight	Checkout repository	2026-07-14T22:55:01.5410040Z hint: Names commonly chosen instead of 'master' are 'main', 'trunk' and
build-and-testflight	Checkout repository	2026-07-14T22:55:01.5410800Z hint: 'development'. The just-created branch can be renamed via this command:
build-and-testflight	Checkout repository	2026-07-14T22:55:01.5411360Z hint:
build-and-testflight	Checkout repository	2026-07-14T22:55:01.5411680Z hint: 	git branch -m <name>
build-and-testflight	Checkout repository	2026-07-14T22:55:01.5412040Z hint:
build-and-testflight	Checkout repository	2026-07-14T22:55:01.5412500Z hint: Disable this message with "git config set advice.defaultBranchName false"
build-and-testflight	Checkout repository	2026-07-14T22:55:01.5413340Z Initialized empty Git repository in /Users/runner/work/SmartSpeedCompanion/SmartSpeedCompanion/.git/
build-and-testflight	Checkout repository	2026-07-14T22:55:01.5416880Z [command]/opt/homebrew/bin/git remote add origin https://github.com/Srihan-Yeleswarapu/SmartSpeedCompanion
build-and-testflight	Checkout repository	2026-07-14T22:55:01.5520820Z ##[endgroup]
build-and-testflight	Checkout repository	2026-07-14T22:55:01.5521510Z ##[group]Disabling automatic garbage collection
build-and-testflight	Checkout repository	2026-07-14T22:55:01.5523440Z [command]/opt/homebrew/bin/git config --local gc.auto 0
build-and-testflight	Checkout repository	2026-07-14T22:55:01.5586890Z ##[endgroup]
build-and-testflight	Checkout repository	2026-07-14T22:55:01.5587560Z ##[group]Setting up auth
build-and-testflight	Checkout repository	2026-07-14T22:55:01.5591950Z [command]/opt/homebrew/bin/git config --local --name-only --get-regexp core\.sshCommand
build-and-testflight	Checkout repository	2026-07-14T22:55:01.5665710Z [command]/opt/homebrew/bin/git submodule foreach --recursive sh -c "git config --local --name-only --get-regexp 'core\.sshCommand' && git config --local --unset-all 'core.sshCommand' || :"
build-and-testflight	Checkout repository	2026-07-14T22:55:01.7527760Z [command]/opt/homebrew/bin/git config --local --name-only --get-regexp http\.https\:\/\/github\.com\/\.extraheader
build-and-testflight	Checkout repository	2026-07-14T22:55:01.7530280Z [command]/opt/homebrew/bin/git submodule foreach --recursive sh -c "git config --local --name-only --get-regexp 'http\.https\:\/\/github\.com\/\.extraheader' && git config --local --unset-all 'http.https://github.com/.extraheader' || :"
build-and-testflight	Checkout repository	2026-07-14T22:55:01.8398330Z [command]/opt/homebrew/bin/git config --local --name-only --get-regexp ^includeIf\.gitdir:
build-and-testflight	Checkout repository	2026-07-14T22:55:01.8465930Z [command]/opt/homebrew/bin/git submodule foreach --recursive git config --local --show-origin --name-only --get-regexp remote.origin.url
build-and-testflight	Checkout repository	2026-07-14T22:55:02.0174630Z [command]/opt/homebrew/bin/git config --local http.https://github.com/.extraheader AUTHORIZATION: basic ***
build-and-testflight	Checkout repository	2026-07-14T22:55:02.0566920Z ##[endgroup]
build-and-testflight	Checkout repository	2026-07-14T22:55:02.0568380Z ##[group]Fetching the repository
build-and-testflight	Checkout repository	2026-07-14T22:55:02.0569630Z [command]/opt/homebrew/bin/git -c protocol.version=2 fetch --no-tags --prune --no-recurse-submodules --depth=1 origin +a33596c40e771717374bf8f4202247f19c8b7c40:refs/remotes/origin/version2
build-and-testflight	Checkout repository	2026-07-14T22:55:03.1110030Z From https://github.com/Srihan-Yeleswarapu/SmartSpeedCompanion
build-and-testflight	Checkout repository	2026-07-14T22:55:03.1111710Z  * [new ref]         a33596c40e771717374bf8f4202247f19c8b7c40 -> origin/version2
build-and-testflight	Checkout repository	2026-07-14T22:55:03.1114250Z ##[endgroup]
build-and-testflight	Checkout repository	2026-07-14T22:55:03.1115000Z ##[group]Determining the checkout info
build-and-testflight	Checkout repository	2026-07-14T22:55:03.1115770Z ##[endgroup]
build-and-testflight	Checkout repository	2026-07-14T22:55:03.1117200Z [command]/opt/homebrew/bin/git sparse-checkout disable
build-and-testflight	Checkout repository	2026-07-14T22:55:03.1214780Z [command]/opt/homebrew/bin/git config --local --unset-all extensions.worktreeConfig
build-and-testflight	Checkout repository	2026-07-14T22:55:03.1296850Z ##[group]Checking out the ref
build-and-testflight	Checkout repository	2026-07-14T22:55:03.1299460Z [command]/opt/homebrew/bin/git checkout --progress --force -B version2 refs/remotes/origin/version2
build-and-testflight	Checkout repository	2026-07-14T22:55:03.4147900Z Switched to a new branch 'version2'
build-and-testflight	Checkout repository	2026-07-14T22:55:03.4232290Z branch 'version2' set up to track 'origin/version2'.
build-and-testflight	Checkout repository	2026-07-14T22:55:03.5248470Z ##[endgroup]
build-and-testflight	Checkout repository	2026-07-14T22:55:03.5329730Z [command]/opt/homebrew/bin/git log -1 --format=%H
build-and-testflight	Checkout repository	2026-07-14T22:55:03.5386770Z a33596c40e771717374bf8f4202247f19c8b7c40
build-and-testflight	Decode Firebase plist (if secret provided)	﻿2026-07-14T22:55:03.5551980Z ##[group]Run if [ -n "$FIREBASE_PLIST_B64" ]; then
build-and-testflight	Decode Firebase plist (if secret provided)	2026-07-14T22:55:03.5552990Z ^[[36;1mif [ -n "$FIREBASE_PLIST_B64" ]; then^[[0m
build-and-testflight	Decode Firebase plist (if secret provided)	2026-07-14T22:55:03.5554120Z ^[[36;1m  echo "$FIREBASE_PLIST_B64" | base64 --decode > SmartSpeedCompanion/Configuration/GoogleService-Info.plist^[[0m
build-and-testflight	Decode Firebase plist (if secret provided)	2026-07-14T22:55:03.5555260Z ^[[36;1m  echo "[OK] Firebase plist restored"^[[0m
build-and-testflight	Decode Firebase plist (if secret provided)	2026-07-14T22:55:03.5556010Z ^[[36;1melse^[[0m
build-and-testflight	Decode Firebase plist (if secret provided)	2026-07-14T22:55:03.5556850Z ^[[36;1m  echo "[WARN] No Firebase secret set; proceeding without GoogleService-Info.plist"^[[0m
build-and-testflight	Decode Firebase plist (if secret provided)	2026-07-14T22:55:03.5557750Z ^[[36;1mfi^[[0m
build-and-testflight	Decode Firebase plist (if secret provided)	2026-07-14T22:55:03.5592750Z shell: /bin/bash -e {0}
build-and-testflight	Decode Firebase plist (if secret provided)	2026-07-14T22:55:03.5593430Z env:
build-and-testflight	Decode Firebase plist (if secret provided)	2026-07-14T22:55:03.5607240Z   FIREBASE_PLIST_B64: ***
build-and-testflight	Decode Firebase plist (if secret provided)	2026-07-14T22:55:03.5607870Z ##[endgroup]
build-and-testflight	Decode Firebase plist (if secret provided)	2026-07-14T22:55:03.5980710Z [OK] Firebase plist restored
build-and-testflight	Select Xcode	﻿2026-07-14T22:55:03.6253890Z ##[group]Run XCODE_PATH=$(ls -d /Applications/Xcode_*.app 2>/dev/null | sort -V | tail -1)
build-and-testflight	Select Xcode	2026-07-14T22:55:03.6255070Z ^[[36;1mXCODE_PATH=$(ls -d /Applications/Xcode_*.app 2>/dev/null | sort -V | tail -1)^[[0m
build-and-testflight	Select Xcode	2026-07-14T22:55:03.6256010Z ^[[36;1mecho "Selecting: $XCODE_PATH"^[[0m
build-and-testflight	Select Xcode	2026-07-14T22:55:03.6256830Z ^[[36;1msudo xcode-select -s "$XCODE_PATH/Contents/Developer"^[[0m
build-and-testflight	Select Xcode	2026-07-14T22:55:03.6257660Z ^[[36;1mxcodebuild -version^[[0m
build-and-testflight	Select Xcode	2026-07-14T22:55:03.6289310Z shell: /bin/bash -e {0}
build-and-testflight	Select Xcode	2026-07-14T22:55:03.6289950Z ##[endgroup]
build-and-testflight	Select Xcode	2026-07-14T22:55:03.6595050Z Selecting: /Applications/Xcode_26.6.0.app
build-and-testflight	Select Xcode	2026-07-14T22:55:05.7722790Z Xcode 26.6
build-and-testflight	Select Xcode	2026-07-14T22:55:05.7723260Z Build version 17F113
build-and-testflight	Install XcodeGen	﻿2026-07-14T22:55:05.7756310Z ##[group]Run brew install xcodegen
build-and-testflight	Install XcodeGen	2026-07-14T22:55:05.7756580Z ^[[36;1mbrew install xcodegen^[[0m
build-and-testflight	Install XcodeGen	2026-07-14T22:55:05.7786130Z shell: /bin/bash -e {0}
build-and-testflight	Install XcodeGen	2026-07-14T22:55:05.7786330Z ##[endgroup]
build-and-testflight	Install XcodeGen	2026-07-14T22:55:08.3439240Z ##[warning]The following taps are not trusted:
build-and-testflight	Install XcodeGen	  aws/tap
build-and-testflight	Install XcodeGen	
build-and-testflight	Install XcodeGen	Homebrew is currently ignoring formulae, casks and commands from these taps because tap trust is required.
build-and-testflight	Install XcodeGen	Untap them with:
build-and-testflight	Install XcodeGen	  brew untap aws/tap
build-and-testflight	Install XcodeGen	Trust specific formulae, casks and commands with:
build-and-testflight	Install XcodeGen	  brew trust --formula <user>/<tap>/<formula>
build-and-testflight	Install XcodeGen	  brew trust --cask <user>/<tap>/<cask>
build-and-testflight	Install XcodeGen	  brew trust --command <user>/<tap>/<command>
build-and-testflight	Install XcodeGen	Whole-tap trust is broader and includes all current and future formulae,
build-and-testflight	Install XcodeGen	casks and commands from the listed taps. Trust whole taps with:
build-and-testflight	Install XcodeGen	  brew trust aws/tap
build-and-testflight	Install XcodeGen	To disable trust checks:
build-and-testflight	Install XcodeGen	  export HOMEBREW_NO_REQUIRE_TAP_TRUST=1
build-and-testflight	Install XcodeGen	This is not recommended and will be removed in a later release.
build-and-testflight	Install XcodeGen	For more information, see:
build-and-testflight	Install XcodeGen	  https://docs.brew.sh/Tap-Trust
build-and-testflight	Install XcodeGen	
build-and-testflight	Install XcodeGen	2026-07-14T22:55:08.7015120Z ^[[34m==>^[[0m ^[[1mWould install 1 formula:^[[0m
build-and-testflight	Install XcodeGen	2026-07-14T22:55:08.7015750Z xcodegen
build-and-testflight	Install XcodeGen	2026-07-14T22:55:08.7035390Z ^[[34m==>^[[0m ^[[1mDownloading https://ghcr.io/v2/homebrew/core/xcodegen/manifests/2.45.4^[[0m
build-and-testflight	Install XcodeGen	2026-07-14T22:55:09.3870520Z ^[[32m==>^[[0m ^[[1mFetching downloads for: ^[[32mxcodegen^[[39m^[[0m
build-and-testflight	Install XcodeGen	2026-07-14T22:55:10.0530970Z ✔︎ Bottle xcodegen (2.45.4)
build-and-testflight	Install XcodeGen	2026-07-14T22:55:10.2719360Z ^[[34m==>^[[0m ^[[1mPouring xcodegen--2.45.4.arm64_tahoe.bottle.tar.gz^[[0m
build-and-testflight	Install XcodeGen	2026-07-14T22:55:10.3533980Z 🍺  /opt/homebrew/Cellar/xcodegen/2.45.4: 38 files, 7.4MB
build-and-testflight	Generate Xcode project	﻿2026-07-14T22:55:10.3738410Z ##[group]Run xcodegen generate
build-and-testflight	Generate Xcode project	2026-07-14T22:55:10.3738800Z ^[[36;1mxcodegen generate^[[0m
build-and-testflight	Generate Xcode project	2026-07-14T22:55:10.3772180Z shell: /bin/bash -e {0}
build-and-testflight	Generate Xcode project	2026-07-14T22:55:10.3772390Z ##[endgroup]
build-and-testflight	Generate Xcode project	2026-07-14T22:55:10.4255440Z ⚙️  Generating plists...
build-and-testflight	Generate Xcode project	2026-07-14T22:55:10.4280740Z ⚙️  Generating project...
build-and-testflight	Generate Xcode project	2026-07-14T22:55:10.4472590Z ⚙️  Writing project...
build-and-testflight	Generate Xcode project	2026-07-14T22:55:10.4573200Z Created project at /Users/runner/work/SmartSpeedCompanion/SmartSpeedCompanion/SmartSpeedCompanion.xcodeproj
build-and-testflight	Download iOS platform for Xcode	﻿2026-07-14T22:55:10.4608350Z ##[group]Run echo "Checking available platforms..."
build-and-testflight	Download iOS platform for Xcode	2026-07-14T22:55:10.4608890Z ^[[36;1mecho "Checking available platforms..."^[[0m
build-and-testflight	Download iOS platform for Xcode	2026-07-14T22:55:10.4611940Z ^[[36;1mxcrun simctl list runtimes^[[0m
build-and-testflight	Download iOS platform for Xcode	2026-07-14T22:55:10.4612200Z ^[[36;1mecho "Downloading iOS platform..."^[[0m
build-and-testflight	Download iOS platform for Xcode	2026-07-14T22:55:10.4612550Z ^[[36;1msudo xcodebuild -downloadPlatform iOS^[[0m
build-and-testflight	Download iOS platform for Xcode	2026-07-14T22:55:10.4648710Z shell: /bin/bash -e {0}
build-and-testflight	Download iOS platform for Xcode	2026-07-14T22:55:10.4648970Z ##[endgroup]
build-and-testflight	Download iOS platform for Xcode	2026-07-14T22:55:10.4902880Z Checking available platforms...
build-and-testflight	Download iOS platform for Xcode	2026-07-14T22:55:21.9202570Z == Runtimes ==
build-and-testflight	Download iOS platform for Xcode	2026-07-14T22:55:21.9204670Z iOS 26.2 (26.2 - 23C54) - com.apple.CoreSimulator.SimRuntime.iOS-26-2
build-and-testflight	Download iOS platform for Xcode	2026-07-14T22:55:21.9209050Z iOS 26.4 (26.4.1 - 23E254a) - com.apple.CoreSimulator.SimRuntime.iOS-26-4
build-and-testflight	Download iOS platform for Xcode	2026-07-14T22:55:21.9211930Z iOS 26.5 (26.5 - 23F77) - com.apple.CoreSimulator.SimRuntime.iOS-26-5
build-and-testflight	Download iOS platform for Xcode	2026-07-14T22:55:21.9213570Z tvOS 26.2 (26.2 - 23K51) - com.apple.CoreSimulator.SimRuntime.tvOS-26-2
build-and-testflight	Download iOS platform for Xcode	2026-07-14T22:55:21.9215650Z tvOS 26.4 (26.4 - 23L243a) - com.apple.CoreSimulator.SimRuntime.tvOS-26-4
build-and-testflight	Download iOS platform for Xcode	2026-07-14T22:55:21.9224020Z tvOS 26.5 (26.5 - 23L470) - com.apple.CoreSimulator.SimRuntime.tvOS-26-5
build-and-testflight	Download iOS platform for Xcode	2026-07-14T22:55:21.9226150Z watchOS 26.2 (26.2 - 23S303) - com.apple.CoreSimulator.SimRuntime.watchOS-26-2
build-and-testflight	Download iOS platform for Xcode	2026-07-14T22:55:21.9227120Z watchOS 26.4 (26.4 - 23T240b) - com.apple.CoreSimulator.SimRuntime.watchOS-26-4
build-and-testflight	Download iOS platform for Xcode	2026-07-14T22:55:21.9227860Z watchOS 26.5 (26.5 - 23T570) - com.apple.CoreSimulator.SimRuntime.watchOS-26-5
build-and-testflight	Download iOS platform for Xcode	2026-07-14T22:55:21.9228590Z visionOS 26.2 (26.2 - 23N301) - com.apple.CoreSimulator.SimRuntime.xrOS-26-2
build-and-testflight	Download iOS platform for Xcode	2026-07-14T22:55:21.9230000Z visionOS 26.4 (26.4.1 - 23O249a) - com.apple.CoreSimulator.SimRuntime.xrOS-26-4
build-and-testflight	Download iOS platform for Xcode	2026-07-14T22:55:21.9230600Z visionOS 26.5 (26.5 - 23O470) - com.apple.CoreSimulator.SimRuntime.xrOS-26-5
build-and-testflight	Download iOS platform for Xcode	2026-07-14T22:55:21.9232630Z Downloading iOS platform...
build-and-testflight	Download iOS platform for Xcode	2026-07-14T22:55:23.9865490Z Finding content...
build-and-testflight	Download iOS platform for Xcode	2026-07-14T22:55:25.6062930Z Automatically resolved architecture variant for platform iOS as 'arm64'.
build-and-testflight	Download iOS platform for Xcode	2026-07-14T22:55:25.6069600Z iOS is already downloaded as universal. To replace it with arm64Only, first delete the existing one.
build-and-testflight	Download iOS platform for Xcode	2026-07-14T22:55:25.6082560Z iOS 26.5 (23F77) - 0DD82569-A011-444A-8601-1993C6C8FE56
build-and-testflight	Set up signing keychain & install certificate	﻿2026-07-14T22:55:25.6447700Z ##[group]Run if [ ! -f SmartSpeedCompanion/distribution.cer ]; then
build-and-testflight	Set up signing keychain & install certificate	2026-07-14T22:55:25.6448540Z ^[[36;1mif [ ! -f SmartSpeedCompanion/distribution.cer ]; then^[[0m
build-and-testflight	Set up signing keychain & install certificate	2026-07-14T22:55:25.6448920Z ^[[36;1m  echo "[ERROR] distribution.cer not found"^[[0m
build-and-testflight	Set up signing keychain & install certificate	2026-07-14T22:55:25.6449260Z ^[[36;1m  exit 1^[[0m
build-and-testflight	Set up signing keychain & install certificate	2026-07-14T22:55:25.6449480Z ^[[36;1mfi^[[0m
build-and-testflight	Set up signing keychain & install certificate	2026-07-14T22:55:25.6449810Z ^[[36;1mif [ ! -f SmartSpeedCompanion/SmartSpeedCompanion.key ]; then^[[0m
build-and-testflight	Set up signing keychain & install certificate	2026-07-14T22:55:25.6450290Z ^[[36;1m  echo "[ERROR] SmartSpeedCompanion.key not found"^[[0m
build-and-testflight	Set up signing keychain & install certificate	2026-07-14T22:55:25.6450580Z ^[[36;1m  exit 1^[[0m
build-and-testflight	Set up signing keychain & install certificate	2026-07-14T22:55:25.6450820Z ^[[36;1mfi^[[0m
build-and-testflight	Set up signing keychain & install certificate	2026-07-14T22:55:25.6451000Z ^[[36;1m^[[0m
build-and-testflight	Set up signing keychain & install certificate	2026-07-14T22:55:25.6451240Z ^[[36;1m# Create custom keychain^[[0m
build-and-testflight	Set up signing keychain & install certificate	2026-07-14T22:55:25.6451640Z ^[[36;1msecurity create-keychain -p "$KEYCHAIN_PASSWORD" build.keychain^[[0m
build-and-testflight	Set up signing keychain & install certificate	2026-07-14T22:55:25.6452070Z ^[[36;1msecurity set-keychain-settings -lut 21600 build.keychain^[[0m
build-and-testflight	Set up signing keychain & install certificate	2026-07-14T22:55:25.6452570Z ^[[36;1msecurity unlock-keychain -p "$KEYCHAIN_PASSWORD" build.keychain^[[0m
build-and-testflight	Set up signing keychain & install certificate	2026-07-14T22:55:25.6452980Z ^[[36;1m^[[0m
build-and-testflight	Set up signing keychain & install certificate	2026-07-14T22:55:25.6453240Z ^[[36;1m# Convert and import certificate^[[0m
build-and-testflight	Set up signing keychain & install certificate	2026-07-14T22:55:25.6453680Z ^[[36;1mopenssl x509 -inform DER -in SmartSpeedCompanion/distribution.cer -out /tmp/distribution.pem^[[0m
build-and-testflight	Set up signing keychain & install certificate	2026-07-14T22:55:25.6454500Z ^[[36;1mopenssl pkcs12 -export -inkey SmartSpeedCompanion/SmartSpeedCompanion.key -in /tmp/distribution.pem -out /tmp/cert.p12 -passout pass:speedio123^[[0m
build-and-testflight	Set up signing keychain & install certificate	2026-07-14T22:55:25.6455360Z ^[[36;1msecurity import /tmp/cert.p12 -k build.keychain -P "speedio123" -T /usr/bin/codesign -T /usr/bin/security^[[0m
build-and-testflight	Set up signing keychain & install certificate	2026-07-14T22:55:25.6455800Z ^[[36;1m^[[0m
build-and-testflight	Set up signing keychain & install certificate	2026-07-14T22:55:25.6456060Z ^[[36;1m# Set partition list to allow codesign^[[0m
build-and-testflight	Set up signing keychain & install certificate	2026-07-14T22:55:25.6456560Z ^[[36;1msecurity set-key-partition-list -S apple-tool:,apple:,codesign: -s -k "$KEYCHAIN_PASSWORD" build.keychain^[[0m
build-and-testflight	Set up signing keychain & install certificate	2026-07-14T22:55:25.6457050Z ^[[36;1m^[[0m
build-and-testflight	Set up signing keychain & install certificate	2026-07-14T22:55:25.6463220Z ^[[36;1m# Add to keychain search list (append, don't replace)^[[0m
build-and-testflight	Set up signing keychain & install certificate	2026-07-14T22:55:25.6463660Z ^[[36;1mORIGINAL_KEYCHAINS=$(security list-keychains 2>/dev/null | tr -d '"' | tr -d ' ')^[[0m
build-and-testflight	Set up signing keychain & install certificate	2026-07-14T22:55:25.6464200Z ^[[36;1msecurity list-keychains -s build.keychain $ORIGINAL_KEYCHAINS^[[0m
build-and-testflight	Set up signing keychain & install certificate	2026-07-14T22:55:25.6464540Z ^[[36;1msecurity list-keychains^[[0m
build-and-testflight	Set up signing keychain & install certificate	2026-07-14T22:55:25.6464830Z ^[[36;1m^[[0m
build-and-testflight	Set up signing keychain & install certificate	2026-07-14T22:55:25.6465080Z ^[[36;1m# Show available signing identities^[[0m
build-and-testflight	Set up signing keychain & install certificate	2026-07-14T22:55:25.6465380Z ^[[36;1mecho "=== Available signing identities ==="^[[0m
build-and-testflight	Set up signing keychain & install certificate	2026-07-14T22:55:25.6465790Z ^[[36;1msecurity find-identity -v -p codesigning build.keychain^[[0m
build-and-testflight	Set up signing keychain & install certificate	2026-07-14T22:55:25.6501200Z shell: /bin/bash -e {0}
build-and-testflight	Set up signing keychain & install certificate	2026-07-14T22:55:25.6501490Z env:
build-and-testflight	Set up signing keychain & install certificate	2026-07-14T22:55:25.6501700Z   KEYCHAIN_PASSWORD: build_keychain_pass
build-and-testflight	Set up signing keychain & install certificate	2026-07-14T22:55:25.6502020Z ##[endgroup]
build-and-testflight	Set up signing keychain & install certificate	2026-07-14T22:55:25.8716610Z security: SecKeychainItemImport: MAC verification failed during PKCS12 import (wrong password?)
build-and-testflight	Set up signing keychain & install certificate	2026-07-14T22:55:25.8785410Z ##[error]Process completed with exit code 1.
build-and-testflight	Upload Artifacts	﻿2026-07-14T22:55:25.8914010Z Node 20 is being deprecated. This workflow is running with Node 24 by default. If you need to temporarily use Node 20, you can set the ACTIONS_ALLOW_USE_UNSECURE_NODE_VERSION=true environment variable. For more information see: https://github.blog/changelog/2025-09-19-deprecation-of-node-20-on-github-actions-runners/
build-and-testflight	Upload Artifacts	2026-07-14T22:55:25.8915460Z ##[group]Run actions/upload-artifact@v4
build-and-testflight	Upload Artifacts	2026-07-14T22:55:25.8915670Z with:
build-and-testflight	Upload Artifacts	2026-07-14T22:55:25.8915840Z   name: Speedio-IPA-384
build-and-testflight	Upload Artifacts	2026-07-14T22:55:25.8916090Z   path: Export/*.ipa
build-and-testflight	Upload Artifacts	2026-07-14T22:55:25.8916250Z   retention-days: 7
build-and-testflight	Upload Artifacts	2026-07-14T22:55:25.8916580Z   if-no-files-found: warn
build-and-testflight	Upload Artifacts	2026-07-14T22:55:25.8916930Z   compression-level: 6
build-and-testflight	Upload Artifacts	2026-07-14T22:55:25.8917180Z   overwrite: false
build-and-testflight	Upload Artifacts	2026-07-14T22:55:25.8917430Z   include-hidden-files: false
build-and-testflight	Upload Artifacts	2026-07-14T22:55:25.8917620Z ##[endgroup]
build-and-testflight	Upload Artifacts	2026-07-14T22:55:26.2851220Z (node:14612) [DEP0040] DeprecationWarning: The `punycode` module is deprecated. Please use a userland alternative instead.
build-and-testflight	Upload Artifacts	2026-07-14T22:55:26.2852190Z (Use `node --trace-deprecation ...` to show where the warning was created)
build-and-testflight	Upload Artifacts	2026-07-14T22:55:26.2866320Z ##[warning]No files were found with the provided path: Export/*.ipa. No artifacts will be uploaded.
build-and-testflight	Post Checkout repository	﻿2026-07-14T22:55:26.3066250Z Node 20 is being deprecated. This workflow is running with Node 24 by default. If you need to temporarily use Node 20, you can set the ACTIONS_ALLOW_USE_UNSECURE_NODE_VERSION=true environment variable. For more information see: https://github.blog/changelog/2025-09-19-deprecation-of-node-20-on-github-actions-runners/
build-and-testflight	Post Checkout repository	2026-07-14T22:55:26.3067330Z Post job cleanup.
build-and-testflight	Post Checkout repository	2026-07-14T22:55:26.4289890Z [command]/opt/homebrew/bin/git version
build-and-testflight	Post Checkout repository	2026-07-14T22:55:26.4474350Z git version 2.55.0
build-and-testflight	Post Checkout repository	2026-07-14T22:55:26.4492120Z Copying '/Users/runner/.gitconfig' to '/Users/runner/work/_temp/f70cc3bb-86ba-4a82-95d5-8ab561e5683b/.gitconfig'
build-and-testflight	Post Checkout repository	2026-07-14T22:55:26.4497490Z Temporarily overriding HOME='/Users/runner/work/_temp/f70cc3bb-86ba-4a82-95d5-8ab561e5683b' before making global git config changes
build-and-testflight	Post Checkout repository	2026-07-14T22:55:26.4498380Z Adding repository directory to the temporary git global config as a safe directory
build-and-testflight	Post Checkout repository	2026-07-14T22:55:26.4500830Z [command]/opt/homebrew/bin/git config --global --add safe.directory /Users/runner/work/SmartSpeedCompanion/SmartSpeedCompanion
build-and-testflight	Post Checkout repository	2026-07-14T22:55:26.4600000Z [command]/opt/homebrew/bin/git config --local --name-only --get-regexp core\.sshCommand
build-and-testflight	Post Checkout repository	2026-07-14T22:55:26.4655270Z [command]/opt/homebrew/bin/git submodule foreach --recursive sh -c "git config --local --name-only --get-regexp 'core\.sshCommand' && git config --local --unset-all 'core.sshCommand' || :"
build-and-testflight	Post Checkout repository	2026-07-14T22:55:26.5461030Z [command]/opt/homebrew/bin/git config --local --name-only --get-regexp http\.https\:\/\/github\.com\/\.extraheader
build-and-testflight	Post Checkout repository	2026-07-14T22:55:26.5523470Z http.https://github.com/.extraheader
build-and-testflight	Post Checkout repository	2026-07-14T22:55:26.5529990Z [command]/opt/homebrew/bin/git config --local --unset-all http.https://github.com/.extraheader
build-and-testflight	Post Checkout repository	2026-07-14T22:55:26.5592880Z [command]/opt/homebrew/bin/git submodule foreach --recursive sh -c "git config --local --name-only --get-regexp 'http\.https\:\/\/github\.com\/\.extraheader' && git config --local --unset-all 'http.https://github.com/.extraheader' || :"
build-and-testflight	Post Checkout repository	2026-07-14T22:55:26.6321240Z [command]/opt/homebrew/bin/git config --local --name-only --get-regexp ^includeIf\.gitdir:
build-and-testflight	Post Checkout repository	2026-07-14T22:55:26.6381080Z [command]/opt/homebrew/bin/git submodule foreach --recursive git config --local --show-origin --name-only --get-regexp remote.origin.url
build-and-testflight	Complete job	﻿2026-07-14T22:55:26.7134200Z Cleaning up orphan processes
build-and-testflight	Complete job	2026-07-14T22:55:27.1032710Z ##[warning]Node.js 20 is deprecated. The following actions target Node.js 20 but are being forced to run on Node.js 24: actions/checkout@v4, actions/upload-artifact@v4. For more information see: https://github.blog/changelog/2025-09-19-deprecation-of-node-20-on-github-actions-runners/
